[debug] [2026-06-10T10:03:15.965Z] ----------------------------------------------------------------------
[debug] [2026-06-10T10:03:15.967Z] Command:       C:\Program Files\nodejs\node.exe C:\Users\Hafizh Rizqullah\AppData\Roaming\npm\node_modules\firebase-tools\lib\bin\firebase.js apps:sdkconfig WEB --project yomirra-21e7b
[debug] [2026-06-10T10:03:15.968Z] CLI Version:   14.19.1
[debug] [2026-06-10T10:03:15.968Z] Platform:      win32
[debug] [2026-06-10T10:03:15.968Z] Node Version:  v22.19.0
[debug] [2026-06-10T10:03:15.968Z] Time:          Wed Jun 10 2026 17:03:15 GMT+0700 (Western Indonesia Time)
[debug] [2026-06-10T10:03:15.968Z] ----------------------------------------------------------------------
[debug] 
[debug] [2026-06-10T10:03:15.971Z] >>> [apiv2][query] GET https://firebase-public.firebaseio.com/cli.json [none]
[debug] [2026-06-10T10:03:16.013Z] > command requires scopes: ["email","openid","https://www.googleapis.com/auth/cloudplatformprojects.readonly","https://www.googleapis.com/auth/firebase","https://www.googleapis.com/auth/cloud-platform"]
[debug] [2026-06-10T10:03:16.014Z] > authorizing via signed-in user (hrizqullah484@gmail.com)
[debug] [2026-06-10T10:03:16.014Z] Checked if tokens are valid: true, expires at: 1781089311112
[debug] [2026-06-10T10:03:16.014Z] Checked if tokens are valid: true, expires at: 1781089311112
[debug] [2026-06-10T10:03:16.015Z] >>> [apiv2][query] GET https://firebase.googleapis.com/v1beta1/projects/yomirra-21e7b/webApps pageSize=100
[debug] [2026-06-10T10:03:16.605Z] <<< [apiv2][status] GET https://firebase-public.firebaseio.com/cli.json 200
[debug] [2026-06-10T10:03:16.605Z] <<< [apiv2][body] GET https://firebase-public.firebaseio.com/cli.json {"cloudBuildErrorAfter":1594252800000,"cloudBuildWarnAfter":1590019200000,"defaultNode10After":1594252800000,"minVersion":"3.0.5","node8DeploysDisabledAfter":1613390400000,"node8RuntimeDisabledAfter":1615809600000,"node8WarnAfter":1600128000000}
[debug] [2026-06-10T10:03:16.901Z] <<< [apiv2][status] GET https://firebase.googleapis.com/v1beta1/projects/yomirra-21e7b/webApps 403
[debug] [2026-06-10T10:03:16.901Z] <<< [apiv2][body] GET https://firebase.googleapis.com/v1beta1/projects/yomirra-21e7b/webApps {"error":{"code":403,"message":"The caller does not have permission","status":"PERMISSION_DENIED"}}
[debug] [2026-06-10T10:03:16.902Z] Request to https://firebase.googleapis.com/v1beta1/projects/yomirra-21e7b/webApps?pageSize=100 had HTTP Error: 403, The caller does not have permission
[debug] [2026-06-10T10:03:16.902Z] FirebaseError: Request to https://firebase.googleapis.com/v1beta1/projects/yomirra-21e7b/webApps?pageSize=100 had HTTP Error: 403, The caller does not have permission
    at responseToError (C:\Users\Hafizh Rizqullah\AppData\Roaming\npm\node_modules\firebase-tools\lib\responseToError.js:52:12)
    at RetryOperation._fn (C:\Users\Hafizh Rizqullah\AppData\Roaming\npm\node_modules\firebase-tools\lib\apiv2.js:312:77)
    at process.processTicksAndRejections (node:internal/process/task_queues:105:5)
[error] 
[error] Error: Failed to list Firebase WEB apps. See firebase-debug.log for more info.
